Flow report for V1495ECL2LVDS
Wed Aug 19 11:26:35 2026
Quartus II Version 11.0 Build 208 07/03/2011 Service Pack 1 SJ Web Edition


---------------------
; Table of Contents ;
---------------------
  1. Legal Notice
  2. Flow Summary
  3. Flow Settings
  4. Flow Non-Default Global Settings
  5. Flow Elapsed Time
  6. Flow OS Summary
  7. Flow Log



----------------
; Legal Notice ;
----------------
Copyright (C) 1991-2011 Altera Corporation
Your use of Altera Corporation's design tools, logic functions 
and other software and tools, and its AMPP partner logic 
functions, and any output files from any of the foregoing 
(including device programming or simulation files), and any 
associated documentation or information are expressly subject 
to the terms and conditions of the Altera Program License 
Subscription Agreement, Altera MegaCore Function License 
Agreement, or other applicable license agreement, including, 
without limitation, that your use is for the sole purpose of 
programming logic devices manufactured by Altera and sold by 
Altera or its authorized distributors.  Please refer to the 
applicable agreement for further details.



+-----------------------------------------------------------------------+
; Flow Summary                                                          ;
+-----------------------+-----------------------------------------------+
; Flow Status           ; Successful - Wed Aug 19 11:26:35 2026         ;
; Quartus II Version    ; 11.0 Build 208 07/03/2011 SP 1 SJ Web Edition ;
; Revision Name         ; V1495ECL2LVDS                                 ;
; Top-level Entity Name ; ecl2lvds                                      ;
; Family                ; Cyclone                                       ;
; Device                ; EP1C20F400C6                                  ;
; Timing Models         ; Final                                         ;
; Total logic elements  ; 0 / 20,060 ( 0 % )                            ;
; Total pins            ; 68 / 301 ( 23 % )                             ;
; Total virtual pins    ; 0                                             ;
; Total memory bits     ; 0 / 294,912 ( 0 % )                           ;
; Total PLLs            ; 0 / 2 ( 0 % )                                 ;
+-----------------------+-----------------------------------------------+


+-----------------------------------------+
; Flow Settings                           ;
+-------------------+---------------------+
; Option            ; Setting             ;
+-------------------+---------------------+
; Start date & time ; 08/19/2026 11:26:30 ;
; Main task         ; Compilation         ;
; Revision Name     ; V1495ECL2LVDS       ;
+-------------------+---------------------+


+------------------------------------------------------------------------------------------------------------------+
; Flow Non-Default Global Settings                                                                                 ;
+-------------------------------------+---------------------------------+---------------+-------------+------------+
; Assignment Name                     ; Value                           ; Default Value ; Entity Name ; Section Id ;
+-------------------------------------+---------------------------------+---------------+-------------+------------+
; COMPILER_SIGNATURE_ID               ; 198915914833645.178715319011724 ; --            ; --          ; --         ;
; PARTITION_COLOR                     ; 16764057                        ; --            ; ecl2lvds    ; Top        ;
; PARTITION_FITTER_PRESERVATION_LEVEL ; PLACEMENT_AND_ROUTING           ; --            ; ecl2lvds    ; Top        ;
; PARTITION_NETLIST_TYPE              ; SOURCE                          ; --            ; ecl2lvds    ; Top        ;
; TOP_LEVEL_ENTITY                    ; ecl2lvds                        ; V1495ECL2LVDS ; --          ; --         ;
; VHDL_INPUT_VERSION                  ; VHDL_2008                       ; VHDL_1993     ; --          ; --         ;
; VHDL_SHOW_LMF_MAPPING_MESSAGES      ; Off                             ; --            ; --          ; --         ;
+-------------------------------------+---------------------------------+---------------+-------------+------------+


+-------------------------------------------------------------------------------------------------------------------------------+
; Flow Elapsed Time                                                                                                             ;
+---------------------------+--------------+-------------------------+---------------------+------------------------------------+
; Module Name               ; Elapsed Time ; Average Processors Used ; Peak Virtual Memory ; Total CPU Time (on all processors) ;
+---------------------------+--------------+-------------------------+---------------------+------------------------------------+
; Analysis & Synthesis      ; 00:00:01     ; 1.0                     ; 311 MB              ; 00:00:01                           ;
; Fitter                    ; 00:00:02     ; 1.0                     ; 353 MB              ; 00:00:01                           ;
; TimeQuest Timing Analyzer ; 00:00:00     ; 1.0                     ; 244 MB              ; 00:00:01                           ;
; Assembler                 ; 00:00:01     ; 1.0                     ; 290 MB              ; 00:00:01                           ;
; Total                     ; 00:00:04     ; --                      ; --                  ; 00:00:04                           ;
+---------------------------+--------------+-------------------------+---------------------+------------------------------------+


+----------------------------------------------------------------------------------------+
; Flow OS Summary                                                                        ;
+---------------------------+------------------+-----------+------------+----------------+
; Module Name               ; Machine Hostname ; OS Name   ; OS Version ; Processor type ;
+---------------------------+------------------+-----------+------------+----------------+
; Analysis & Synthesis      ; ENPPURWAR-LPT    ; Windows 7 ; 6.2        ; x86_64         ;
; Fitter                    ; ENPPURWAR-LPT    ; Windows 7 ; 6.2        ; x86_64         ;
; TimeQuest Timing Analyzer ; ENPPURWAR-LPT    ; Windows 7 ; 6.2        ; x86_64         ;
; Assembler                 ; ENPPURWAR-LPT    ; Windows 7 ; 6.2        ; x86_64         ;
+---------------------------+------------------+-----------+------------+----------------+


------------
; Flow Log ;
------------
quartus_map --read_settings_files=on --write_settings_files=off V1495ECL2LVDS -c V1495ECL2LVDS
quartus_fit --read_settings_files=off --write_settings_files=off V1495ECL2LVDS -c V1495ECL2LVDS
quartus_sta V1495ECL2LVDS -c V1495ECL2LVDS
quartus_asm --read_settings_files=off --write_settings_files=off V1495ECL2LVDS -c V1495ECL2LVDS



